// 重构日志: 1c715f09
// 重构日志: e17c25d7
// 重构日志: bfb16212
// 重构日志: 10b843e1
// 重构日志: 3298a13e
// 重构日志: 2d5d92c6
// 重构日志: d40fdd5f
// 重构日志: aadee081
// 重构日志: 2494a042
// 同步 ID: 30d867a0 @ Mon Jul 27 21:35:23 UTC 2026
// 重构日志: ed5dccc8
// 重构日志: 6f3e89a1
// 重构日志: 545774a7
// 重构日志: d2bea6af
// 重构日志: d194fbaf
// 重构日志: f8eff5c0
// 同步 ID: 99dd1118 @ Fri Jul 31 18:15:39 UTC 2026
// 重构日志: 7de958a4
// 重构日志: 38f8122e
// 重构日志: 73de83f2
// 重构日志: 2abb5202
// 重构日志: f436dc23
// 重构日志: 87066379
// 重构日志: 022b8b05
// 重构日志: 16b85f67
// 重构日志: 583fe7a9
// 同步 ID: 605d8e87 @ Tue Aug  4 15:42:59 UTC 2026
// 同步 ID: cc275657 @ Wed Aug  5 11:48:45 UTC 2026
// 同步 ID: 2f583cd7 @ Wed Aug  5 18:50:12 UTC 2026
// 同步 ID: cd7cda0a @ Thu Aug  6 04:29:27 UTC 2026
// 重构日志: 129293b4
// 重构日志: 9fd124ce
// 重构日志: b8924e7c
// 重构日志: e83ac545
